<html>
<body>
<pre>
<h1>礦ision Build Log</h1>
<h2>Project:</h2>
F:\振华-同步板\同步板\USER\Template_103C8.uvproj
Project File Date:  03/18/2017

<h2>Output:</h2>
  
Warning: *** SUPPORT EXPIRED, NEW PRODUCT SERIAL NUMBER REQUIRED ***
         *** Running with Code Size Limit: 32K                   ***
Build target 'Template_103C8'
compiling exti.c...
linking...
Program Size: Code=4696 RO-data=268 RW-data=52 ZI-data=1836  
FromELF: creating hex file...
"..\OBJ\Template_103C8.axf" - 0 Error(s), 0 Warning(s).
f10x_adc.c...
compiling stm32f10x_bkp.c...
compiling stm32f10x_can.c...
compiling stm32f10x_cec.c...
compiling stm32f10x_crc.c...
compiling stm32f10x_dac.c...
compiling stm32f10x_dbgmcu.c...
compiling stm32f10x_dma.c...
compiling stm32f10x_exti.c...
compiling stm32f10x_flash.c...
compiling stm32f10x_fsmc.c...
compiling stm32f10x_gpio.c...
compiling stm32f10x_i2c.c...
compiling stm32f10x_iwdg.c...
compiling stm32f10x_pwr.c...
compiling stm32f10x_rcc.c...
compiling stm32f10x_rtc.c...
compiling stm32f10x_sdio.c...
compiling stm32f10x_spi.c...
compiling stm32f10x_tim.c...
compiling stm32f10x_usart.c...
compiling stm32f10x_wwdg.c...
compiling usart.c...
compiling sys.c...
compiling delay.c...
compiling led.c...
compiling pwm.c...
compiling servr.c...
compiling exti.c...
compiling link.c...
compiling 24l01.c...
compiling spi.c...
linking...
Program Size: Code=4652 RO-data=268 RW-data=48 ZI-data=1832  
FromELF: creating hex file...
"..\OBJ\Template_103C8.axf" - 0 Error(s), 0 Warning(s).
.c...
compiling spi.c...
linking...
..\OBJ\Template_103C8.axf: Error: L6218E: Undefined symbol FLAG_OVERFLOW (referred from ctrl.o).
..\OBJ\Template_103C8.axf: Error: L6218E: Undefined symbol LINE_PASS (referred from ctrl.o).
..\OBJ\Template_103C8.axf: Error: L6218E: Undefined symbol TIME_PASS (referred from ctrl.o).
Not enough information to list image symbols.
Finished: 1 information, 0 warning and 3 error messages.
"..\OBJ\Template_103C8.axf" - 3 Error(s), 1 Warning(s).
Target not created
4 error messages.
"..\OBJ\Template_103C8.axf" - 4 Error(s), 1 Warning(s).
Target not created
